npx : FAIL reactproject1/__tests__/App.test.tsx
At line:1 char:1
+ npx jest > .\jest-output.txt 2>&1
+ ~~~~~~~~~~~~~~~~~~~~~~~~~~~~~~~~~
    + CategoryInfo          : NotSpecified: (FAIL reactproje...__/App.test.tsx:String) [], RemoteException
    + FullyQualifiedErrorId : NativeCommandError
 
  ΓùÅ Test suite failed to run

    Jest encountered an unexpected token

    Jest failed to parse a file. This happens e.g. when your code or its dependencies use non-standard JavaScript syntax, or when Jest is not configured to support such syntax.

    Out of the box Jest supports Babel, which will be used to transform your files into valid JS based on your Babel configuration.

    By default "node_modules" folder is ignored by transformers.

    Here's what you can do:
     ΓÇó If you are trying to use ECMAScript Modules, see https://jestjs.io/docs/ecmascript-modules for how to enable it.
     ΓÇó If you are trying to use TypeScript, see https://jestjs.io/docs/getting-started#using-typescript
     ΓÇó To have some of your "node_modules" files transformed, you can specify a custom "transformIgnorePatterns" in your config.
     ΓÇó If you need a custom transformation specify a "transform" option in your config.
     ΓÇó If you simply want to mock your non-JS modules (e.g. binary assets) you can stub them out with the "moduleNameMapper" config option.

    You'll find more details and examples of these config options in the docs:
    https://jestjs.io/docs/configuration
    For information about custom transformations, see:
    https://jestjs.io/docs/code-transformation

    Details:

    SyntaxError: C:\Users\JBloemscheer\source\repos\reactproject1\reactproject1\__tests__\App.test.tsx: Support for the experimental syntax 'jsx' isn't currently enabled (7:12):

    [0m [90m  5 |[39m
     [90m  6 |[39m test([32m'renders Vite and React logos'[39m[33m,[39m () [33m=>[39m {
    [31m[1m>[22m[39m[90m  7 |[39m     render([33m<[39m[33mApp[39m [33m/[39m[33m>[39m)[33m;[39m
     [90m    |[39m            [31m[1m^[22m[39m
     [90m  8 |[39m     [36mconst[39m viteLogo [33m=[39m screen[33m.[39mgetByAltText([32m'Vite logo'[39m)[33m;[39m
     [90m  9 |[39m     [36mconst[39m reactLogo [33m=[39m screen[33m.[39mgetByAltText([32m'React logo'[39m)[33m;[39m
     [90m 10 |[39m     expect(viteLogo)[33m.[39mtoBeInTheDocument()[33m;[39m[0m

    Add @babel/preset-react (https://github.com/babel/babel/tree/main/packages/babel-preset-react) to the 'presets' section of your Babel config to enable transformation.
    If you want to leave it as-is, add @babel/plugin-syntax-jsx (https://github.com/babel/babel/tree/main/packages/babel-plugin-syntax-jsx) to the 'plugins' section to enable parsing.

    If you already added the plugin for this syntax to your config, it's possible that your config isn't being loaded.
    You can re-run Babel with the BABEL_SHOW_CONFIG_FOR environment variable to show the loaded configuration:
    	npx cross-env BABEL_SHOW_CONFIG_FOR=C:\Users\JBloemscheer\source\repos\reactproject1\reactproject1\__tests__\App.test.tsx <your build command>
    See https://babeljs.io/docs/configuration#print-effective-configs for more info.

      at constructor (../../../AppData/Local/npm-cache/_npx/b8d86e6551a4f492/node_modules/@babel/parser/src/parse-error.ts:74:19)
      at Parser.toParseError [as raise] (../../../AppData/Local/npm-cache/_npx/b8d86e6551a4f492/node_modules/@babel/parser/src/tokenizer/index.ts:1497:19)
      at Parser.raise [as expectOnePlugin] (../../../AppData/Local/npm-cache/_npx/b8d86e6551a4f492/node_modules/@babel/parser/src/tokenizer/index.ts:1562:18)
      at Parser.expectOnePlugin [as parseExprAtom] (../../../AppData/Local/npm-cache/_npx/b8d86e6551a4f492/node_modules/@babel/parser/src/parser/expression.ts:1283:16)
      at Parser.parseExprAtom [as parseExprSubscripts] (../../../AppData/Local/npm-cache/_npx/b8d86e6551a4f492/node_modules/@babel/parser/src/parser/expression.ts:709:23)
      at Parser.parseExprSubscripts [as parseUpdate] (../../../AppData/Local/npm-cache/_npx/b8d86e6551a4f492/node_modules/@babel/parser/src/parser/expression.ts:686:21)
      at Parser.parseUpdate [as parseMaybeUnary] (../../../AppData/Local/npm-cache/_npx/b8d86e6551a4f492/node_modules/@babel/parser/src/parser/expression.ts:649:23)
      at Parser.parseMaybeUnary [as parseMaybeUnaryOrPrivate] (../../../AppData/Local/npm-cache/_npx/b8d86e6551a4f492/node_modules/@babel/parser/src/parser/expression.ts:390:14)
      at Parser.parseMaybeUnaryOrPrivate [as parseExprOps] (../../../AppData/Local/npm-cache/_npx/b8d86e6551a4f492/node_modules/@babel/parser/src/parser/expression.ts:402:23)
      at Parser.parseExprOps [as parseMaybeConditional] (../../../AppData/Local/npm-cache/_npx/b8d86e6551a4f492/node_modules/@babel/parser/src/parser/expression.ts:357:23)
      at Parser.parseMaybeConditional [as parseMaybeAssign] (../../../AppData/Local/npm-cache/_npx/b8d86e6551a4f492/node_modules/@babel/parser/src/parser/expression.ts:297:21)
      at parseMaybeAssign (../../../AppData/Local/npm-cache/_npx/b8d86e6551a4f492/node_modules/@babel/parser/src/parser/expression.ts:251:12)
      at Parser.callback [as allowInAnd] (../../../AppData/Local/npm-cache/_npx/b8d86e6551a4f492/node_modules/@babel/parser/src/parser/expression.ts:3132:12)
      at Parser.allowInAnd [as parseMaybeAssignAllowIn] (../../../AppData/Local/npm-cache/_npx/b8d86e6551a4f492/node_modules/@babel/parser/src/parser/expression.ts:250:17)
      at Parser.parseMaybeAssignAllowIn [as parseExprListItem] (../../../AppData/Local/npm-cache/_npx/b8d86e6551a4f492/node_modules/@babel/parser/src/parser/expression.ts:2755:18)
      at Parser.parseExprListItem [as parseCallExpressionArguments] (../../../AppData/Local/npm-cache/_npx/b8d86e6551a4f492/node_modules/@babel/parser/src/parser/expression.ts:1041:14)
      at Parser.parseCallExpressionArguments [as parseCoverCallAndAsyncArrowHead] (../../../AppData/Local/npm-cache/_npx/b8d86e6551a4f492/node_modules/@babel/parser/src/parser/expression.ts:883:29)
      at Parser.parseCoverCallAndAsyncArrowHead [as parseSubscript] (../../../AppData/Local/npm-cache/_npx/b8d86e6551a4f492/node_modules/@babel/parser/src/parser/expression.ts:772:19)
      at Parser.parseSubscript [as parseSubscripts] (../../../AppData/Local/npm-cache/_npx/b8d86e6551a4f492/node_modules/@babel/parser/src/parser/expression.ts:730:19)
      at Parser.parseSubscripts [as parseExprSubscripts] (../../../AppData/Local/npm-cache/_npx/b8d86e6551a4f492/node_modules/@babel/parser/src/parser/expression.ts:715:17)
      at Parser.parseExprSubscripts [as parseUpdate] (../../../AppData/Local/npm-cache/_npx/b8d86e6551a4f492/node_modules/@babel/parser/src/parser/expression.ts:686:21)
      at Parser.parseUpdate [as parseMaybeUnary] (../../../AppData/Local/npm-cache/_npx/b8d86e6551a4f492/node_modules/@babel/parser/src/parser/expression.ts:649:23)
      at Parser.parseMaybeUnary [as parseMaybeUnaryOrPrivate] (../../../AppData/Local/npm-cache/_npx/b8d86e6551a4f492/node_modules/@babel/parser/src/parser/expression.ts:390:14)
      at Parser.parseMaybeUnaryOrPrivate [as parseExprOps] (../../../AppData/Local/npm-cache/_npx/b8d86e6551a4f492/node_modules/@babel/parser/src/parser/expression.ts:402:23)
      at Parser.parseExprOps [as parseMaybeConditional] (../../../AppData/Local/npm-cache/_npx/b8d86e6551a4f492/node_modules/@babel/parser/src/parser/expression.ts:357:23)
      at Parser.parseMaybeConditional [as parseMaybeAssign] (../../../AppData/Local/npm-cache/_npx/b8d86e6551a4f492/node_modules/@babel/parser/src/parser/expression.ts:297:21)
      at Parser.parseMaybeAssign [as parseExpressionBase] (../../../AppData/Local/npm-cache/_npx/b8d86e6551a4f492/node_modules/@babel/parser/src/parser/expression.ts:220:23)
      at parseExpressionBase (../../../AppData/Local/npm-cache/_npx/b8d86e6551a4f492/node_modules/@babel/parser/src/parser/expression.ts:211:39)
      at Parser.callback [as allowInAnd] (../../../AppData/Local/npm-cache/_npx/b8d86e6551a4f492/node_modules/@babel/parser/src/parser/expression.ts:3127:16)
      at Parser.allowInAnd [as parseExpression] (../../../AppData/Local/npm-cache/_npx/b8d86e6551a4f492/node_modules/@babel/parser/src/parser/expression.ts:211:17)
      at Parser.parseExpression [as parseStatementContent] (../../../AppData/Local/npm-cache/_npx/b8d86e6551a4f492/node_modules/@babel/parser/src/parser/statement.ts:640:23)
      at Parser.parseStatementContent [as parseStatementLike] (../../../AppData/Local/npm-cache/_npx/b8d86e6551a4f492/node_modules/@babel/parser/src/parser/statement.ts:421:17)
      at Parser.parseStatementLike [as parseStatementListItem] (../../../AppData/Local/npm-cache/_npx/b8d86e6551a4f492/node_modules/@babel/parser/src/parser/statement.ts:370:17)
      at Parser.parseStatementListItem [as parseBlockOrModuleBlockBody] (../../../AppData/Local/npm-cache/_npx/b8d86e6551a4f492/node_modules/@babel/parser/src/parser/statement.ts:1389:16)
      at Parser.parseBlockOrModuleBlockBody [as parseBlockBody] (../../../AppData/Local/npm-cache/_npx/b8d86e6551a4f492/node_modules/@babel/parser/src/parser/statement.ts:1362:10)
      at Parser.parseBlockBody [as parseBlock] (../../../AppData/Local/npm-cache/_npx/b8d86e6551a4f492/node_modules/@babel/parser/src/parser/statement.ts:1330:10)
      at Parser.parseBlock [as parseFunctionBody] (../../../AppData/Local/npm-cache/_npx/b8d86e6551a4f492/node_modules/@babel/parser/src/parser/expression.ts:2593:24)
      at Parser.parseFunctionBody [as parseArrowExpression] (../../../AppData/Local/npm-cache/_npx/b8d86e6551a4f492/node_modules/@babel/parser/src/parser/expression.ts:2534:10)
      at Parser.parseArrowExpression [as parseParenAndDistinguishExpression] (../../../AppData/Local/npm-cache/_npx/b8d86e6551a4f492/node_modules/@babel/parser/src/parser/expression.ts:1829:12)
      at Parser.parseParenAndDistinguishExpression [as parseExprAtom] (../../../AppData/Local/npm-cache/_npx/b8d86e6551a4f492/node_modules/@babel/parser/src/parser/expression.ts:1165:21)
      at Parser.parseExprAtom [as parseExprSubscripts] (../../../AppData/Local/npm-cache/_npx/b8d86e6551a4f492/node_modules/@babel/parser/src/parser/expression.ts:709:23)
      at Parser.parseExprSubscripts [as parseUpdate] (../../../AppData/Local/npm-cache/_npx/b8d86e6551a4f492/node_modules/@babel/parser/src/parser/expression.ts:686:21)
      at Parser.parseUpdate [as parseMaybeUnary] (../../../AppData/Local/npm-cache/_npx/b8d86e6551a4f492/node_modules/@babel/parser/src/parser/expression.ts:649:23)
      at Parser.parseMaybeUnary [as parseMaybeUnaryOrPrivate] (../../../AppData/Local/npm-cache/_npx/b8d86e6551a4f492/node_modules/@babel/parser/src/parser/expression.ts:390:14)
      at Parser.parseMaybeUnaryOrPrivate [as parseExprOps] (../../../AppData/Local/npm-cache/_npx/b8d86e6551a4f492/node_modules/@babel/parser/src/parser/expression.ts:402:23)
      at Parser.parseExprOps [as parseMaybeConditional] (../../../AppData/Local/npm-cache/_npx/b8d86e6551a4f492/node_modules/@babel/parser/src/parser/expression.ts:357:23)
      at Parser.parseMaybeConditional [as parseMaybeAssign] (../../../AppData/Local/npm-cache/_npx/b8d86e6551a4f492/node_modules/@babel/parser/src/parser/expression.ts:297:21)
      at parseMaybeAssign (../../../AppData/Local/npm-cache/_npx/b8d86e6551a4f492/node_modules/@babel/parser/src/parser/expression.ts:251:12)
      at Parser.callback [as allowInAnd] (../../../AppData/Local/npm-cache/_npx/b8d86e6551a4f492/node_modules/@babel/parser/src/parser/expression.ts:3132:12)
      at Parser.allowInAnd [as parseMaybeAssignAllowIn] (../../../AppData/Local/npm-cache/_npx/b8d86e6551a4f492/node_modules/@babel/parser/src/parser/expression.ts:250:17)
      at Parser.parseMaybeAssignAllowIn [as parseExprListItem] (../../../AppData/Local/npm-cache/_npx/b8d86e6551a4f492/node_modules/@babel/parser/src/parser/expression.ts:2755:18)
      at Parser.parseExprListItem [as parseCallExpressionArguments] (../../../AppData/Local/npm-cache/_npx/b8d86e6551a4f492/node_modules/@babel/parser/src/parser/expression.ts:1041:14)
      at Parser.parseCallExpressionArguments [as parseCoverCallAndAsyncArrowHead] (../../../AppData/Local/npm-cache/_npx/b8d86e6551a4f492/node_modules/@babel/parser/src/parser/expression.ts:883:29)
      at Parser.parseCoverCallAndAsyncArrowHead [as parseSubscript] (../../../AppData/Local/npm-cache/_npx/b8d86e6551a4f492/node_modules/@babel/parser/src/parser/expression.ts:772:19)
      at Parser.parseSubscript [as parseSubscripts] (../../../AppData/Local/npm-cache/_npx/b8d86e6551a4f492/node_modules/@babel/parser/src/parser/expression.ts:730:19)
      at Parser.parseSubscripts [as parseExprSubscripts] (../../../AppData/Local/npm-cache/_npx/b8d86e6551a4f492/node_modules/@babel/parser/src/parser/expression.ts:715:17)
      at Parser.parseExprSubscripts [as parseUpdate] (../../../AppData/Local/npm-cache/_npx/b8d86e6551a4f492/node_modules/@babel/parser/src/parser/expression.ts:686:21)
      at Parser.parseUpdate [as parseMaybeUnary] (../../../AppData/Local/npm-cache/_npx/b8d86e6551a4f492/node_modules/@babel/parser/src/parser/expression.ts:649:23)
      at Parser.parseMaybeUnary [as parseMaybeUnaryOrPrivate] (../../../AppData/Local/npm-cache/_npx/b8d86e6551a4f492/node_modules/@babel/parser/src/parser/expression.ts:390:14)
      at Parser.parseMaybeUnaryOrPrivate [as parseExprOps] (../../../AppData/Local/npm-cache/_npx/b8d86e6551a4f492/node_modules/@babel/parser/src/parser/expression.ts:402:23)
      at Parser.parseExprOps [as parseMaybeConditional] (../../../AppData/Local/npm-cache/_npx/b8d86e6551a4f492/node_modules/@babel/parser/src/parser/expression.ts:357:23)
      at Parser.parseMaybeConditional [as parseMaybeAssign] (../../../AppData/Local/npm-cache/_npx/b8d86e6551a4f492/node_modules/@babel/parser/src/parser/expression.ts:297:21)
      at Parser.parseMaybeAssign [as parseExpressionBase] (../../../AppData/Local/npm-cache/_npx/b8d86e6551a4f492/node_modules/@babel/parser/src/parser/expression.ts:220:23)
      at parseExpressionBase (../../../AppData/Local/npm-cache/_npx/b8d86e6551a4f492/node_modules/@babel/parser/src/parser/expression.ts:211:39)
      at Parser.callback [as allowInAnd] (../../../AppData/Local/npm-cache/_npx/b8d86e6551a4f492/node_modules/@babel/parser/src/parser/expression.ts:3127:16)
      at Parser.allowInAnd [as parseExpression] (../../../AppData/Local/npm-cache/_npx/b8d86e6551a4f492/node_modules/@babel/parser/src/parser/expression.ts:211:17)
      at Parser.parseExpression [as parseStatementContent] (../../../AppData/Local/npm-cache/_npx/b8d86e6551a4f492/node_modules/@babel/parser/src/parser/statement.ts:640:23)
      at Parser.parseStatementContent [as parseStatementLike] (../../../AppData/Local/npm-cache/_npx/b8d86e6551a4f492/node_modules/@babel/parser/src/parser/statement.ts:421:17)
      at Parser.parseStatementLike [as parseModuleItem] (../../../AppData/Local/npm-cache/_npx/b8d86e6551a4f492/node_modules/@babel/parser/src/parser/statement.ts:358:17)
      at Parser.parseModuleItem [as parseBlockOrModuleBlockBody] (../../../AppData/Local/npm-cache/_npx/b8d86e6551a4f492/node_modules/@babel/parser/src/parser/statement.ts:1388:16)
      at Parser.parseBlockOrModuleBlockBody [as parseBlockBody] (../../../AppData/Local/npm-cache/_npx/b8d86e6551a4f492/node_modules/@babel/parser/src/parser/statement.ts:1362:10)
      at Parser.parseBlockBody [as parseProgram] (../../../AppData/Local/npm-cache/_npx/b8d86e6551a4f492/node_modules/@babel/parser/src/parser/statement.ts:217:10)
      at Parser.parseProgram [as parseTopLevel] (../../../AppData/Local/npm-cache/_npx/b8d86e6551a4f492/node_modules/@babel/parser/src/parser/statement.ts:199:25)
      at Parser.parseTopLevel [as parse] (../../../AppData/Local/npm-cache/_npx/b8d86e6551a4f492/node_modules/@babel/parser/src/parser/index.ts:45:10)
      at parse (../../../AppData/Local/npm-cache/_npx/b8d86e6551a4f492/node_modules/@babel/parser/src/index.ts:67:38)
      at parser (../../../AppData/Local/npm-cache/_npx/b8d86e6551a4f492/node_modules/@babel/core/src/parser/index.ts:28:19)
          at parser.next (<anonymous>)
      at normalizeFile (../../../AppData/Local/npm-cache/_npx/b8d86e6551a4f492/node_modules/@babel/core/src/transformation/normalize-file.ts:50:24)
          at normalizeFile.next (<anonymous>)
      at run (../../../AppData/Local/npm-cache/_npx/b8d86e6551a4f492/node_modules/@babel/core/src/transformation/index.ts:39:36)
          at run.next (<anonymous>)
      at transform (../../../AppData/Local/npm-cache/_npx/b8d86e6551a4f492/node_modules/@babel/core/src/transform.ts:29:20)
          at transform.next (<anonymous>)
      at evaluateSync (../../../AppData/Local/npm-cache/_npx/b8d86e6551a4f492/node_modules/gensync/index.js:251:28)
      at sync (../../../AppData/Local/npm-cache/_npx/b8d86e6551a4f492/node_modules/gensync/index.js:89:14)
      at fn (../../../AppData/Local/npm-cache/_npx/b8d86e6551a4f492/node_modules/@babel/core/src/errors/rewrite-stack-trace.ts:99:14)
      at transformSync (../../../AppData/Local/npm-cache/_npx/b8d86e6551a4f492/node_modules/@babel/core/src/transform.ts:66:52)
      at ScriptTransformer.transformSource (../../../AppData/Local/npm-cache/_npx/b8d86e6551a4f492/node_modules/@jest/transform/build/ScriptTransformer.js:545:31)
      at ScriptTransformer._transformAndBuildScript (../../../AppData/Local/npm-cache/_npx/b8d86e6551a4f492/node_modules/@jest/transform/build/ScriptTransformer.js:674:40)
      at ScriptTransformer.transform (../../../AppData/Local/npm-cache/_npx/b8d86e6551a4f492/node_modules/@jest/transform/build/ScriptTransformer.js:726:19)

Test Suites: 1 failed, 1 total
Tests:       0 total
Snapshots:   0 total
Time:        0.563 s
Ran all test suites.
